INFO:deleted trash:Started
INFO:deleted trash:Started
INFO:deleted trash:/home/amir/Общедоступные/programming/nsu/python/git/Altin_Amir_python2026/trash_tests/some.c
INFO:deleted trash:/home/amir/Общедоступные/programming/nsu/python/git/Altin_Amir_python2026/trash_tests/hi/new_file
INFO:deleted trash:/home/amir/Общедоступные/programming/nsu/python/git/Altin_Amir_python2026/trash_tests/some.c
INFO:deleted trash:/home/amir/Общедоступные/programming/nsu/python/git/Altin_Amir_python2026/trash_tests/hi/new_file
INFO:deleted trash:Finished
INFO:deleted trash:Started
INFO:deleted trash:/home/amir/Общедоступные/programming/nsu/python/git/Altin_Amir_python2026/trash_tests/not_dle
INFO:deleted trash:/home/amir/Общедоступные/programming/nsu/python/git/Altin_Amir_python2026/trash_tests/some.c
INFO:deleted trash:/home/amir/Общедоступные/programming/nsu/python/git/Altin_Amir_python2026/trash_tests/hi/new_file
INFO:deleted trash:/home/amir/Общедоступные/programming/nsu/python/git/Altin_Amir_python2026/trash_tests/not_dle
INFO:deleted trash:/home/amir/Общедоступные/programming/nsu/python/git/Altin_Amir_python2026/trash_tests/some.c
INFO:deleted trash:/home/amir/Общедоступные/programming/nsu/python/git/Altin_Amir_python2026/trash_tests/hi/new_file
INFO:deleted trash:Finished
INFO:deleted trash:Started
INFO:deleted trash:Started
INFO:deleted trash:/home/amir/Общедоступные/programming/nsu/python/git/Altin_Amir_python2026/trash_tests/notdel
INFO:deleted trash:/home/amir/Общедоступные/programming/nsu/python/git/Altin_Amir_python2026/trash_tests/some.c
INFO:deleted trash:/home/amir/Общедоступные/programming/nsu/python/git/Altin_Amir_python2026/trash_tests/hi/new_file
INFO:deleted trash:/home/amir/Общедоступные/programming/nsu/python/git/Altin_Amir_python2026/trash_tests/notdel
INFO:deleted trash:/home/amir/Общедоступные/programming/nsu/python/git/Altin_Amir_python2026/trash_tests/some.c
INFO:deleted trash:/home/amir/Общедоступные/programming/nsu/python/git/Altin_Amir_python2026/trash_tests/hi/new_file
INFO:deleted trash:Finished
INFO:deleted trash:Started
INFO:deleted trash:Started
INFO:deleted trash:/home/amir/Общедоступные/programming/nsu/python/git/Altin_Amir_python2026/trash_tests/notdel
INFO:deleted trash:/home/amir/Общедоступные/programming/nsu/python/git/Altin_Amir_python2026/trash_tests/some.c
INFO:deleted trash:/home/amir/Общедоступные/programming/nsu/python/git/Altin_Amir_python2026/trash_tests/hi/new_file
INFO:deleted trash:/home/amir/Общедоступные/programming/nsu/python/git/Altin_Amir_python2026/trash_tests/notdel
INFO:deleted trash:/home/amir/Общедоступные/programming/nsu/python/git/Altin_Amir_python2026/trash_tests/some.c
INFO:deleted trash:/home/amir/Общедоступные/programming/nsu/python/git/Altin_Amir_python2026/trash_tests/hi/new_file
INFO:deleted trash:Finished
INFO:deleted trash:Started
INFO:deleted trash:Started
INFO:deleted trash:Started
INFO:deleted trash:age = 100
INFO:deleted trash:/home/amir/Общедоступные/programming/nsu/python/git/Altin_Amir_python2026/trash_tests/h
INFO:deleted trash:/home/amir/Общедоступные/programming/nsu/python/git/Altin_Amir_python2026/trash_tests/notdel
INFO:deleted trash:/home/amir/Общедоступные/programming/nsu/python/git/Altin_Amir_python2026/trash_tests/some.c
INFO:deleted trash:/home/amir/Общедоступные/programming/nsu/python/git/Altin_Amir_python2026/trash_tests/hi/new_file
INFO:deleted trash:/home/amir/Общедоступные/programming/nsu/python/git/Altin_Amir_python2026/trash_tests/h
INFO:deleted trash:/home/amir/Общедоступные/programming/nsu/python/git/Altin_Amir_python2026/trash_tests/notdel
INFO:deleted trash:/home/amir/Общедоступные/programming/nsu/python/git/Altin_Amir_python2026/trash_tests/some.c
INFO:deleted trash:/home/amir/Общедоступные/programming/nsu/python/git/Altin_Amir_python2026/trash_tests/hi/new_file
INFO:deleted trash:Finished
INFO:deleted trash:Started
INFO:deleted trash:age = 1000
INFO:deleted trash:/home/amir/Общедоступные/programming/nsu/python/git/Altin_Amir_python2026/trash_tests/h
INFO:deleted trash:/home/amir/Общедоступные/programming/nsu/python/git/Altin_Amir_python2026/trash_tests/notdel
INFO:deleted trash:/home/amir/Общедоступные/programming/nsu/python/git/Altin_Amir_python2026/trash_tests/some.c
INFO:deleted trash:/home/amir/Общедоступные/programming/nsu/python/git/Altin_Amir_python2026/trash_tests/hi/new_file
INFO:deleted trash:/home/amir/Общедоступные/programming/nsu/python/git/Altin_Amir_python2026/trash_tests/h
INFO:deleted trash:/home/amir/Общедоступные/programming/nsu/python/git/Altin_Amir_python2026/trash_tests/notdel
INFO:deleted trash:/home/amir/Общедоступные/programming/nsu/python/git/Altin_Amir_python2026/trash_tests/some.c
INFO:deleted trash:/home/amir/Общедоступные/programming/nsu/python/git/Altin_Amir_python2026/trash_tests/hi/new_file
INFO:deleted trash:Finished
INFO:deleted trash:Started
INFO:deleted trash:age = 10000
INFO:deleted trash:Deleted: /home/amir/Общедоступные/programming/nsu/python/git/Altin_Amir_python2026/trash_tests/notdel
INFO:deleted trash:Deleted: /home/amir/Общедоступные/programming/nsu/python/git/Altin_Amir_python2026/trash_tests/some.c
INFO:deleted trash:Deleted: /home/amir/Общедоступные/programming/nsu/python/git/Altin_Amir_python2026/trash_tests/hi/new_file
INFO:deleted trash:Finished
INFO:deleted trash:Started
INFO:deleted trash:Deleted: /home/amir/Общедоступные/programming/nsu/python/git/Altin_Amir_python2026/trash_tests/h
INFO:deleted trash:Finished
INFO:deleted trash:Started
INFO:deleted trash:Deleted: /home/amir/Общедоступные/programming/nsu/python/git/Altin_Amir_python2026/trash_tests/no no no del
INFO:deleted trash:Finished
